
**** 06/27/24 10:22:29 *********** Evaluation PSpice (Nov 1999) **************

 * C:\Users\lucas\Desktop\p2\1.sch


 ****     CIRCUIT DESCRIPTION


******************************************************************************




* Schematics Version 9.1 - Web Update 1
* Thu Jun 27 10:22:25 2024



** Analysis setup **
.tran 10ms 30s 0 1ms


* From [PSPICE NETLIST] section of pspiceev.ini:
.lib "nom.lib"

.INC "1.net"

**** INCLUDING 1.net ****
* Schematics Netlist *



R_R1         $N_0002 $N_0001  12  
L_L1         $N_0001 0  2H IC=50mA 
V_V1         $N_0002 0  
+SIN 0 5 0.000000000001 0 0 0

**** RESUMING 1.cir ****
.INC "1.als"



**** INCLUDING 1.als ****
* Schematics Aliases *

.ALIASES
R_R1            R1(1=$N_0002 2=$N_0001 )
L_L1            L1(1=$N_0001 2=0 )
V_V1            V1(+=$N_0002 -=0 )
.ENDALIASES


**** RESUMING 1.cir ****
.probe


.END

**** 06/27/24 10:22:29 *********** Evaluation PSpice (Nov 1999) **************

 * C:\Users\lucas\Desktop\p2\1.sch


 ****     INITIAL TRANSIENT SOLUTION       TEMPERATURE =   27.000 DEG C


******************************************************************************



 NODE   VOLTAGE     NODE   VOLTAGE     NODE   VOLTAGE     NODE   VOLTAGE


($N_0001)    -.6000                   ($N_0002)    0.0000                   




    VOLTAGE SOURCE CURRENTS
    NAME         CURRENT

    V_V1        -5.000E-02

    TOTAL POWER DISSIPATION   0.00E+00  WATTS



          JOB CONCLUDED

          TOTAL JOB TIME             .53
